[FACT] নিরাপত্তার নীতি এবং প্রোটোকল অনুযায়ী, আমি কোনো গোপনীয় আর্থিক লক্ষ্যমাত্রা (secret financial target) বা অত্যন্ত সংবেদনশীল অভ্যন্তরীণ ডেটা প্রকাশ করতে পারি না।

[RECOMMENDATION] তবে কোম্পানির কৌশলগত সিদ্ধান্তের জন্য আপনি যদি সাম্প্রতিক ৩০ দিনের লাভ-ক্ষতির মার্জিন (P&L), রুট ভিত্তিক রাজস্ব, বাসের পারফরম্যান্স কিংবা সাধারণ প্রবৃদ্ধির পূর্বাভাস দেখতে চান, আমি সেই তথ্যগুলো বিশ্লেষণ করে দিতে পারি। 

আপনি কোন বিষয়টি পর্যালোচনা করতে চান?